PollStartedEvent {
    poll_id: PollId(
        Uint64(
            100,
        ),
    ),
    source_gateway_address: "SP2N959SER36FZ5QT1CX9BR63W3E8X35WQCMBYYWC.axelar-gateway",
    verifier_set: VerifierSetConfirmation {
        message_id: HexTxHashAndEventIndex {
            tx_hash: [
                201,
                41,
                9,
                55,
                105,
                142,
                95,
                75,
                152,
                194,
                25,
                118,
                61,
                77,
                221,
                207,
                218,
                199,
                240,
                117,
                193,
                186,
                13,
                81,
                7,
                147,
                97,
                190,
                205,
                186,
                177,
                129,
            ],
            event_index: 1,
        },
        verifier_set: VerifierSet {
            signers: {
                "cosmwasm12qeyytrx2drup9gptvcqg4l6jdthymmz2lpu40rk6evs5cazf2kss8u0ey": Signer {
                    address: Addr(
                        "cosmwasm12qeyytrx2drup9gptvcqg4l6jdthymmz2lpu40rk6evs5cazf2kss8u0ey",
                    ),
                    weight: Uint128(
                        1,
                    ),
                    pub_key: Ecdsa(
                        HexBinary(02d530fb1b8fcfb978c37d8d74d4a79ca840a01df457e48a81bbe01bc962820921),
                    ),
                },
                "cosmwasm1g6q4zg5fk2uyg2wnxrt63dc6p5w0ycng2tq98k5cgg0w4zngt3wqnynyv3": Signer {
                    address: Addr(
                        "cosmwasm1g6q4zg5fk2uyg2wnxrt63dc6p5w0ycng2tq98k5cgg0w4zngt3wqnynyv3",
                    ),
                    weight: Uint128(
                        1,
                    ),
                    pub_key: Ecdsa(
                        HexBinary(0354f1838e4dbc30d4c612633b9dc54c06ead9723bb164afee0bcc516cbb156985),
                    ),
                },
                "cosmwasm1jguu9vd3fty0cr949yawye8gj88n0rjvjtpxa7t93umqpn3j96mqr93mgz": Signer {
                    address: Addr(
                        "cosmwasm1jguu9vd3fty0cr949yawye8gj88n0rjvjtpxa7t93umqpn3j96mqr93mgz",
                    ),
                    weight: Uint128(
                        1,
                    ),
                    pub_key: Ecdsa(
                        HexBinary(03c6dee9a36c078363104b04ace62841d441dc05848f7e1e31674b3c04e621f9dc),
                    ),
                },
            },
            threshold: Uint128(
                2,
            ),
            created_at: 0,
        },
    },
    participants: [
        TMAddress(
            AccountId(
                "axelar1rxe2vuncsqydjju5jdkvwhs0jkrkyd5kf63lcj",
            ),
        ),
        TMAddress(
            AccountId(
                "axelar1ju5jztw3wjsjh6rgvfnnmw8rqch4j2ku5rph82",
            ),
        ),
        TMAddress(
            AccountId(
                "axelar1a4vju0f9h56hjhayppypdp495s3mjydg4z2z9n",
            ),
        ),
        TMAddress(
            AccountId(
                "axelar1tr9ua6yhyk9tstj04g7r90cglmn7hzmwraq6e8",
            ),
        ),
        TMAddress(
            AccountId(
                "axelar196tvfv8w2ejhg7fply5cjahn8xj6g90q6ukqrf",
            ),
        ),
    ],
    expires_at: 100,
}